// Jest Snapshot v1, https://goo.gl/fbAQLP

exports[`ActionMenu logged-in version renders logged-in version 1`] = `
<Component
  firstName="John"
  links={Array []}
  loggedIn={true}
  onMenuToggleClick={[MockFunction]}
>
  <ActionMenu
    firstName="John"
    links={Array []}
    loggedIn={true}
    onMenuToggleClick={[MockFunction]}
    t={[Function]}
  >
    <nav
      className="hc-c-header__actions ds-l-col ds-l-col--auto ds-u-margin-left--auto ds-u-font-weight--bold"
      id="hc-c-header__actions"
      role="navigation"
    >
      <LoggedInActionMenu
        firstName="John"
        links={Array []}
        loggedIn={true}
        onMenuToggleClick={[MockFunction]}
        t={[Function]}
      >
        <div>
          <span
            className="ds-u-display--none ds-u-sm-display--inline-block"
          >
            John
          </span>
          <MenuButton
            firstName="John"
            links={Array []}
            loggedIn={true}
            onMenuToggleClick={[MockFunction]}
            t={[Function]}
          >
            <Button
              aria-controls="hc-c-menu"
              aria-expanded={false}
              aria-label="header.openMenu"
              className="hc-c-action-menu-button ds-u-sm-margin-left--2"
              component="button"
              onClick={[Function]}
              size="small"
              type="button"
            >
              <button
                aria-controls="hc-c-menu"
                aria-expanded={false}
                aria-label="header.openMenu"
                className="ds-c-button ds-c-button--small hc-c-action-menu-button ds-u-sm-margin-left--2"
                onClick={[Function]}
                type="button"
              >
                <MenuIcon
                  className="ds-u-margin-right--1"
                >
                  <svg
                    aria-hidden="true"
                    className="svg-inline--fa fa-bars fa-w-14 ds-u-margin-right--1"
                    data-icon="bars"
                    data-prefix="fas"
                    viewBox="0 0 448 512"
                    xmlns="http://www.w3.org/2000/svg"
                  >
                    <path
                      d="M16 132h416c8.837 0 16-7.163 16-16V76c0-8.837-7.163-16-16-16H16C7.163 60 0 67.163 0 76v40c0 8.837 7.163 16 16 16zm0 160h416c8.837 0 16-7.163 16-16v-40c0-8.837-7.163-16-16-16H16c-8.837 0-16 7.163-16 16v40c0 8.837 7.163 16 16 16zm0 160h416c8.837 0 16-7.163 16-16v-40c0-8.837-7.163-16-16-16H16c-8.837 0-16 7.163-16 16v40c0 8.837 7.163 16 16 16z"
                      fill="currentColor"
                    />
                  </svg>
                </MenuIcon>
                header.menu
              </button>
            </Button>
          </MenuButton>
        </div>
      </LoggedInActionMenu>
    </nav>
  </ActionMenu>
</Component>
`;

exports[`ActionMenu logged-in version set aria-expanded to true 1`] = `
<Component
  firstName="John"
  links={Array []}
  loggedIn={true}
  onMenuToggleClick={[MockFunction]}
  open={true}
>
  <ActionMenu
    firstName="John"
    links={Array []}
    loggedIn={true}
    onMenuToggleClick={[MockFunction]}
    open={true}
    t={[Function]}
  >
    <nav
      className="hc-c-header__actions ds-l-col ds-l-col--auto ds-u-margin-left--auto ds-u-font-weight--bold"
      id="hc-c-header__actions"
      role="navigation"
    >
      <LoggedInActionMenu
        firstName="John"
        links={Array []}
        loggedIn={true}
        onMenuToggleClick={[MockFunction]}
        open={true}
        t={[Function]}
      >
        <div>
          <span
            className="ds-u-display--none ds-u-sm-display--inline-block"
          >
            John
          </span>
          <MenuButton
            firstName="John"
            links={Array []}
            loggedIn={true}
            onMenuToggleClick={[MockFunction]}
            open={true}
            t={[Function]}
          >
            <Button
              aria-controls="hc-c-menu"
              aria-expanded={true}
              aria-label="header.closeMenu"
              className="hc-c-action-menu-button ds-u-sm-margin-left--2"
              component="button"
              onClick={[Function]}
              size="small"
              type="button"
            >
              <button
                aria-controls="hc-c-menu"
                aria-expanded={true}
                aria-label="header.closeMenu"
                className="ds-c-button ds-c-button--small hc-c-action-menu-button ds-u-sm-margin-left--2"
                onClick={[Function]}
                type="button"
              >
                <ClearIconAlternate>
                  <svg
                    className="ds-c-clear-icon"
                    height="14"
                    viewBox="0 0 14 14"
                    width="14"
                    xmlns="http://www.w3.org/2000/svg"
                  >
                    <path
                      d="m8.6002309 7 5.2573243-5.25732429c.1899264-.1899264.1899264-.49704142 0-.68696782l-.9132631-.91326309c-.1899264-.1899264-.4970414-.1899264-.6869678 0l-5.2573243 5.2573243-5.25732429-5.2573243c-.1899264-.1899264-.49704142-.1899264-.68696782 0l-.91326309.91326309c-.1899264.1899264-.1899264.49704142 0 .68696782l5.2573243 5.25732429-5.2573243 5.2573243c-.1899264.1899264-.1899264.4970414 0 .6869678l.91326309.9132631c.1899264.1899264.49704142.1899264.68696782 0l5.25732429-5.2573243 5.2573243 5.2573243c.1899264.1899264.4970414.1899264.6869678 0l.9132631-.9132631c.1899264-.1899264.1899264-.4970414 0-.6869678z"
                    />
                  </svg>
                </ClearIconAlternate>
                header.menu
              </button>
            </Button>
          </MenuButton>
        </div>
      </LoggedInActionMenu>
    </nav>
  </ActionMenu>
</Component>
`;

exports[`ActionMenu logged-out version renders logged-out version 1`] = `
<Component
  links={
    Array [
      Object {
        "href": "href",
        "label": "label",
      },
    ]
  }
  locale="en"
  loggedIn={false}
  onMenuToggleClick={[MockFunction]}
>
  <ActionMenu
    links={
      Array [
        Object {
          "href": "href",
          "label": "label",
        },
      ]
    }
    locale="en"
    loggedIn={false}
    onMenuToggleClick={[MockFunction]}
    t={[Function]}
  >
    <nav
      className="hc-c-header__actions ds-l-col ds-l-col--auto ds-u-margin-left--auto ds-u-font-weight--bold"
      id="hc-c-header__actions"
      role="navigation"
    >
      <LoggedOutActionMenu
        links={
          Array [
            Object {
              "href": "href",
              "label": "label",
            },
          ]
        }
        locale="en"
        loggedIn={false}
        onMenuToggleClick={[MockFunction]}
        t={[Function]}
      >
        <div>
          <ul
            className="hc-c-logged-out-links ds-c-list--bare ds-u-display--none ds-u-sm-display--inline-block"
          >
            <li
              className="hc-c-logged-out-links__li"
              key="href"
            >
              <a
                className="hc-c-logged-out-links__link"
                href="href"
                onClick={[Function]}
              >
                label
              </a>
            </li>
          </ul>
          <MenuButton
            className="ds-u-display--inline-block ds-u-sm-display--none"
            links={
              Array [
                Object {
                  "href": "href",
                  "label": "label",
                },
              ]
            }
            locale="en"
            loggedIn={false}
            onMenuToggleClick={[MockFunction]}
            t={[Function]}
          >
            <Button
              aria-controls="hc-c-menu"
              aria-expanded={false}
              aria-label="header.openMenu"
              className="hc-c-action-menu-button ds-u-sm-margin-left--2 ds-u-display--inline-block ds-u-sm-display--none"
              component="button"
              onClick={[Function]}
              size="small"
              type="button"
            >
              <button
                aria-controls="hc-c-menu"
                aria-expanded={false}
                aria-label="header.openMenu"
                className="ds-c-button ds-c-button--small hc-c-action-menu-button ds-u-sm-margin-left--2 ds-u-display--inline-block ds-u-sm-display--none"
                onClick={[Function]}
                type="button"
              >
                <MenuIcon
                  className="ds-u-margin-right--1"
                >
                  <svg
                    aria-hidden="true"
                    className="svg-inline--fa fa-bars fa-w-14 ds-u-margin-right--1"
                    data-icon="bars"
                    data-prefix="fas"
                    viewBox="0 0 448 512"
                    xmlns="http://www.w3.org/2000/svg"
                  >
                    <path
                      d="M16 132h416c8.837 0 16-7.163 16-16V76c0-8.837-7.163-16-16-16H16C7.163 60 0 67.163 0 76v40c0 8.837 7.163 16 16 16zm0 160h416c8.837 0 16-7.163 16-16v-40c0-8.837-7.163-16-16-16H16c-8.837 0-16 7.163-16 16v40c0 8.837 7.163 16 16 16zm0 160h416c8.837 0 16-7.163 16-16v-40c0-8.837-7.163-16-16-16H16c-8.837 0-16 7.163-16 16v40c0 8.837 7.163 16 16 16z"
                      fill="currentColor"
                    />
                  </svg>
                </MenuIcon>
                header.menu
              </button>
            </Button>
          </MenuButton>
        </div>
      </LoggedOutActionMenu>
    </nav>
  </ActionMenu>
</Component>
`;
